AR vgadriver behavioral C:/Users/lab/Desktop/238902/ProjektUCiSW-PowderToy/VGADriver.vhd sub00/vhpl01 1560247896
EN vgadriver NULL C:/Users/lab/Desktop/238902/ProjektUCiSW-PowderToy/VGADriver.vhd sub00/vhpl00 1560247895
AR powdersimulator behavioral C:/Users/lab/Desktop/238902/ProjektUCiSW-PowderToy/PowderSimulator.vhd sub00/vhpl03 1560247898
AR powdertoy behavioral C:/Users/lab/Desktop/238902/ProjektUCiSW-PowderToy/PowderToy.vhf sub00/vhpl05 1560247900
EN powdertoy NULL C:/Users/lab/Desktop/238902/ProjektUCiSW-PowderToy/PowderToy.vhf sub00/vhpl04 1560247899
EN powdersimulator NULL C:/Users/lab/Desktop/238902/ProjektUCiSW-PowderToy/PowderSimulator.vhd sub00/vhpl02 1560247897
