V3 17
FL C:/Users/lab/Desktop/238902/ProjektUCiSW-PowderToy/PowderSimulator.vhd 2019/06/11.12:11:21 P.20131013
EN work/PowderSimulator 1560247897 \
      FL C:/Users/lab/Desktop/238902/ProjektUCiSW-PowderToy/PowderSimulator.vhd \
      PB ieee/std_logic_1164 1381692176 PB ieee/NUMERIC_STD 1381692181
AR work/PowderSimulator/Behavioral 1560247898 \
      FL C:/Users/lab/Desktop/238902/ProjektUCiSW-PowderToy/PowderSimulator.vhd \
      EN work/PowderSimulator 1560247897
FL C:/Users/lab/Desktop/238902/ProjektUCiSW-PowderToy/PowderToy.vhf 2019/04/09.11:55:30 P.20131013
EN work/PowderToy 1560247899 \
      FL C:/Users/lab/Desktop/238902/ProjektUCiSW-PowderToy/PowderToy.vhf \
      PB ieee/std_logic_1164 1381692176 PB ieee/NUMERIC_STD 1381692181 LB UNISIM \
      PH unisim/VCOMPONENTS 1381692182
AR work/PowderToy/BEHAVIORAL 1560247900 \
      FL C:/Users/lab/Desktop/238902/ProjektUCiSW-PowderToy/PowderToy.vhf \
      EN work/PowderToy 1560247899 CP VGADriver CP PS2_Kbd CP PowderSimulator CP INV
FL C:/Users/lab/Desktop/238902/ProjektUCiSW-PowderToy/VGADriver.vhd 2019/04/11.12:44:50 P.20131013
EN work/VGADriver 1560247895 \
      FL C:/Users/lab/Desktop/238902/ProjektUCiSW-PowderToy/VGADriver.vhd \
      PB ieee/std_logic_1164 1381692176 PB ieee/NUMERIC_STD 1381692181
AR work/VGADriver/Behavioral 1560247896 \
      FL C:/Users/lab/Desktop/238902/ProjektUCiSW-PowderToy/VGADriver.vhd \
      EN work/VGADriver 1560247895
FL C:/Users/lab/ProjektUCiSW-PowderToy/PowderSimulator.vhd 2019/05/07.14:26:50 P.20131013
FL C:/Users/lab/ProjektUCiSW-PowderToy/PowderToy.vhf 2019/04/09.11:55:28 P.20131013
FL C:/Users/lab/ProjektUCiSW-PowderToy/VGADriver.vhd 2019/04/11.12:44:48 P.20131013
